
> frontend@0.0.0 build
> vite build

vite v8.0.13 building client environment for production...
[2Ktransforming...✓ 94 modules transformed.
rendering chunks...
computing gzip size...
dist/index.html                                      0.46 kB │ gzip:   0.30 kB
dist/assets/clabe-c-a-lightning-Bv2PiPdz.JPG         7.18 kB
dist/assets/lentesprotlab-DuI9SsbG.JPG               8.67 kB
dist/assets/termostanley1l-C96BwFHY.JPG             11.15 kB
dist/assets/raquetateniswilson-Dun4wQ3v.JPG         12.68 kB
dist/assets/batalabazul-CD81fO3P.JPG                13.98 kB
dist/assets/mouselogitech-DSPUEyLo.JPG              16.85 kB
dist/assets/libroanatomia-C_0cjNXU.WEBP             17.75 kB
dist/assets/librofisicafreedman-Cs0RKJoH.WEBP       18.05 kB
dist/assets/candadolocker-gp2nQnC7.JPG              18.37 kB
dist/assets/monitor24-D9hI2eTx.avif                 19.14 kB
dist/assets/portalaptop-B6XUb4RY.JPG                20.38 kB
dist/assets/codigocivilperuano-C3ShJKdY.JPG         22.38 kB
dist/assets/guantes-de-cuero-T1zX62Hy.JPG           22.88 kB
dist/assets/libroeconomiamankiw-Dva7BIyT.JPG        22.91 kB
dist/assets/cascoblanco-DDOuA1q2.JPG                23.52 kB
dist/assets/pelotamikasa-C0o2zJzB.JPG               24.32 kB
dist/assets/batablancotallam-C3NEv3i-.JPG           25.32 kB
dist/assets/quimicachang-BhJs2aKH.JPG               25.51 kB
dist/assets/maqueta-adn-3d-D5nqL18h.JPG             25.63 kB
dist/assets/discoduro1tb-B-VsJ8xJ.JPG               26.41 kB
dist/assets/libroguiapmbok-BXV3abSy.WEBP            27.45 kB
dist/assets/reglast-DALe9mWm.JPG                    28.75 kB
dist/assets/implementossetdiseccion-BHUYjH2R.JPG    29.30 kB
dist/assets/calchp12cplatinum-BKMaQoIY.JPG          32.45 kB
dist/assets/protoboard-D2es55qP.JPG                 34.56 kB
dist/assets/audifonosnoisecancelling-CIS_yOh0.JPG   35.13 kB
dist/assets/librocalculostewart-DzR9sRWx.JPG        37.67 kB
dist/assets/botasdeseguridad-CPDd3KOM.jpg           39.14 kB
dist/assets/raspberrypi4-YO1aJF9f.JPG               39.52 kB
dist/assets/casaca-termica-negra-Bl3ZFs9H.jpg       43.91 kB
dist/assets/fisica-serway-Bkj879vq.JPG              51.77 kB
dist/assets/setaquarelaspinceles-CYCKVxVC.JPG       57.30 kB
dist/assets/arduino-D7VcnQbo.JPG                    74.39 kB
dist/assets/tecladoraredragon-DvQJ0b4v.jpg          81.81 kB
dist/assets/ropa-equipo-futbol-DFzeVQiw.jpg        100.44 kB
dist/assets/multimetro-JpJbRQRX.JPG                122.50 kB
dist/assets/block-watercolor-fabiano-C5uYcYg3.jpg  128.95 kB
dist/assets/ipadair4applepencil-DwOvEE6w.jpg       191.35 kB
dist/assets/calculadoracasio-DgBeKDKn.png          553.48 kB
dist/assets/index-YJv48BPA.css                      32.67 kB │ gzip:   6.55 kB
dist/assets/index-BUUG7xHX.js                      402.20 kB │ gzip: 122.72 kB

✓ built in 130ms
